------------------------------------------------------------
TimeQuest Timing Analyzer Summary
------------------------------------------------------------

Type  : Slow 1200mV 85C Model Setup 'my_clk'
Slack : 6.387
TNS   : 0.000

Type  : Slow 1200mV 85C Model Setup 'altera_reserved_tck'
Slack : 45.694
TNS   : 0.000

Type  : Slow 1200mV 85C Model Hold 'altera_reserved_tck'
Slack : 0.358
TNS   : 0.000

Type  : Slow 1200mV 85C Model Hold 'my_clk'
Slack : 0.382
TNS   : 0.000

Type  : Slow 1200mV 85C Model Recovery 'my_clk'
Slack : 14.387
TNS   : 0.000

Type  : Slow 1200mV 85C Model Recovery 'altera_reserved_tck'
Slack : 96.861
TNS   : 0.000

Type  : Slow 1200mV 85C Model Removal 'altera_reserved_tck'
Slack : 1.029
TNS   : 0.000

Type  : Slow 1200mV 85C Model Removal 'my_clk'
Slack : 3.258
TNS   : 0.000

Type  : Slow 1200mV 85C Model Minimum Pulse Width 'my_clk'
Slack : 9.597
TNS   : 0.000

Type  : Slow 1200mV 85C Model Minimum Pulse Width 'altera_reserved_tck'
Slack : 49.579
TNS   : 0.000

Type  : Slow 1200mV 0C Model Setup 'my_clk'
Slack : 7.800
TNS   : 0.000

Type  : Slow 1200mV 0C Model Setup 'altera_reserved_tck'
Slack : 46.207
TNS   : 0.000

Type  : Slow 1200mV 0C Model Hold 'altera_reserved_tck'
Slack : 0.311
TNS   : 0.000

Type  : Slow 1200mV 0C Model Hold 'my_clk'
Slack : 0.333
TNS   : 0.000

Type  : Slow 1200mV 0C Model Recovery 'my_clk'
Slack : 14.946
TNS   : 0.000

Type  : Slow 1200mV 0C Model Recovery 'altera_reserved_tck'
Slack : 97.215
TNS   : 0.000

Type  : Slow 1200mV 0C Model Removal 'altera_reserved_tck'
Slack : 0.925
TNS   : 0.000

Type  : Slow 1200mV 0C Model Removal 'my_clk'
Slack : 2.926
TNS   : 0.000

Type  : Slow 1200mV 0C Model Minimum Pulse Width 'my_clk'
Slack : 9.667
TNS   : 0.000

Type  : Slow 1200mV 0C Model Minimum Pulse Width 'altera_reserved_tck'
Slack : 49.545
TNS   : 0.000

Type  : Fast 1200mV 0C Model Setup 'my_clk'
Slack : 12.281
TNS   : 0.000

Type  : Fast 1200mV 0C Model Setup 'altera_reserved_tck'
Slack : 47.704
TNS   : 0.000

Type  : Fast 1200mV 0C Model Hold 'altera_reserved_tck'
Slack : 0.186
TNS   : 0.000

Type  : Fast 1200mV 0C Model Hold 'my_clk'
Slack : 0.201
TNS   : 0.000

Type  : Fast 1200mV 0C Model Recovery 'my_clk'
Slack : 16.774
TNS   : 0.000

Type  : Fast 1200mV 0C Model Recovery 'altera_reserved_tck'
Slack : 98.139
TNS   : 0.000

Type  : Fast 1200mV 0C Model Removal 'altera_reserved_tck'
Slack : 0.568
TNS   : 0.000

Type  : Fast 1200mV 0C Model Removal 'my_clk'
Slack : 1.845
TNS   : 0.000

Type  : Fast 1200mV 0C Model Minimum Pulse Width 'my_clk'
Slack : 9.309
TNS   : 0.000

Type  : Fast 1200mV 0C Model Minimum Pulse Width 'altera_reserved_tck'
Slack : 49.465
TNS   : 0.000

------------------------------------------------------------
